10:34:26.072 [TestNG-PoolService-3] INFO  - Browser initialized: chrome
10:34:26.105 [TestNG-PoolService-2] INFO  - Browser initialized: chrome
10:34:26.241 [TestNG-PoolService-1] INFO  - Browser initialized: chrome
10:34:31.767 [TestNG-PoolService-3] INFO  - Navigated to application URL
10:34:31.986 [TestNG-PoolService-2] INFO  - Navigated to application URL
10:34:32.435 [TestNG-PoolService-1] INFO  - Navigated to application URL
10:34:35.154 [TestNG-PoolService-2] TRACE - Loading type system org.apache.poi.schemas.ooxml.system.ooxml
10:34:35.159 [TestNG-PoolService-2] TRACE - Loading type system org.apache.xmlbeans.metadata.system.sXMLCONFIG
10:34:35.162 [TestNG-PoolService-2] TRACE - Loading type system org.apache.xmlbeans.metadata.system.sXMLLANG
10:34:35.165 [TestNG-PoolService-2] TRACE - Loading type system org.apache.xmlbeans.metadata.system.sXMLSCHEMA
10:34:35.166 [TestNG-PoolService-2] TRACE - Loading type system org.apache.xmlbeans.metadata.system.sXMLTOOLS
10:34:35.178 [TestNG-PoolService-2] TRACE - Reading unresolved handles for type system org.apache.xmlbeans.metadata.system.sXMLTOOLS
10:34:35.250 [TestNG-PoolService-2] TRACE - Finished loading type system org.apache.xmlbeans.metadata.system.sXMLTOOLS
10:34:35.252 [TestNG-PoolService-2] TRACE - Reading unresolved handles for type system org.apache.xmlbeans.metadata.system.sXMLSCHEMA
10:34:35.260 [TestNG-PoolService-2] TRACE - Finished loading type system org.apache.xmlbeans.metadata.system.sXMLSCHEMA
10:34:35.263 [TestNG-PoolService-2] TRACE - Reading unresolved handles for type system org.apache.xmlbeans.metadata.system.sXMLLANG
10:34:35.266 [TestNG-PoolService-2] TRACE - Finished loading type system org.apache.xmlbeans.metadata.system.sXMLLANG
10:34:35.269 [TestNG-PoolService-2] TRACE - Reading unresolved handles for type system org.apache.xmlbeans.metadata.system.sXMLCONFIG
10:34:35.270 [TestNG-PoolService-2] TRACE - Finished loading type system org.apache.xmlbeans.metadata.system.sXMLCONFIG
10:34:35.272 [TestNG-PoolService-2] TRACE - Reading unresolved handles for type system org.apache.poi.schemas.ooxml.system.ooxml
10:34:35.375 [TestNG-PoolService-2] TRACE - Finished loading type system org.apache.poi.schemas.ooxml.system.ooxml
10:34:35.379 [TestNG-PoolService-2] TRACE - Resolving type for handle ctworkbook83c3type
10:34:35.582 [TestNG-PoolService-2] TRACE - Resolving type for handle ctworkbookpr03a5type
10:34:35.632 [TestNG-PoolService-2] TRACE - Resolving type for handle ctbookviewsb864type
10:34:35.641 [TestNG-PoolService-2] TRACE - Resolving type for handle ctbookviewf677type
10:34:35.667 [TestNG-PoolService-2] TRACE - Resolving type for handle ctsheets49fdtype
10:34:35.693 [TestNG-PoolService-2] TRACE - Resolving type for handle propertiesee84doctype
10:34:35.699 [TestNG-PoolService-2] TRACE - Resolving type for handle ctproperties3f10type
10:34:35.720 [TestNG-PoolService-2] TRACE - Resolving type for handle properties288cdoctype
10:34:35.726 [TestNG-PoolService-2] TRACE - Resolving type for handle ctproperties2c18type
10:34:35.745 [TestNG-PoolService-2] TRACE - Resolving type for handle sstf81fdoctype
10:34:35.749 [TestNG-PoolService-2] TRACE - Resolving type for handle ctsst44f3type
10:34:35.761 [TestNG-PoolService-2] TRACE - Resolving type for handle stylesheet5d8bdoctype
10:34:35.767 [TestNG-PoolService-2] TRACE - Resolving type for handle ctstylesheet4257type
10:34:35.782 [TestNG-PoolService-2] TRACE - Resolving type for handle ctfont14d8type
10:34:35.797 [TestNG-PoolService-2] TRACE - Resolving type for handle ctfontsizeb3b9type
10:34:35.808 [TestNG-PoolService-2] TRACE - Resolving type for handle ctcolord2c2type
10:34:35.813 [TestNG-PoolService-2] TRACE - Resolving type for handle ctfontname2dc3type
10:34:35.817 [TestNG-PoolService-2] TRACE - Resolving type for handle stxstringf179type
10:34:35.826 [TestNG-PoolService-2] TRACE - Resolving type for handle ctfontfamily685ctype
10:34:35.830 [TestNG-PoolService-2] TRACE - Resolving type for handle stfontfamily9c6ctype
10:34:35.849 [TestNG-PoolService-2] TRACE - Resolving type for handle ctfontschemebf5dtype
10:34:35.862 [TestNG-PoolService-2] TRACE - Resolving type for handle stfontschemef36dtype
10:34:35.875 [TestNG-PoolService-2] TRACE - Resolving type for handle ctfill550ctype
10:34:35.880 [TestNG-PoolService-2] TRACE - Resolving type for handle ctpatternfill7452type
10:34:35.891 [TestNG-PoolService-2] TRACE - Resolving type for handle stpatterntype7939type
10:34:35.897 [TestNG-PoolService-2] TRACE - Resolving type for handle ctborderf935type
10:34:35.914 [TestNG-PoolService-2] TRACE - Resolving type for handle ctborderpre497type
10:34:35.933 [TestNG-PoolService-2] TRACE - Resolving type for handle ctxf97f7type
10:34:35.940 [TestNG-PoolService-2] TRACE - Resolving type for handle stnumfmtid76fbtype
10:34:35.944 [TestNG-PoolService-2] TRACE - Resolving type for handle stfontid9d63type
10:34:35.947 [TestNG-PoolService-2] TRACE - Resolving type for handle stfillida097type
10:34:35.954 [TestNG-PoolService-2] TRACE - Resolving type for handle stborderid1a80type
10:34:35.959 [TestNG-PoolService-2] TRACE - Resolving type for handle stcellstylexfid70c7type
10:34:35.981 [TestNG-PoolService-2] TRACE - Resolving type for handle ctsheet4dbetype
10:34:35.997 [TestNG-PoolService-2] TRACE - Resolving type for handle ctworksheet530dtype
10:34:36.010 [TestNG-PoolService-2] TRACE - Resolving type for handle ctsheetformatprdef7type
10:34:36.025 [TestNG-PoolService-2] TRACE - Resolving type for handle ctsheetviewsb918type
10:34:36.032 [TestNG-PoolService-2] TRACE - Resolving type for handle ctsheetview0f43type
10:34:36.065 [TestNG-PoolService-2] TRACE - Resolving type for handle ctsheetdimensiond310type
10:34:36.079 [TestNG-PoolService-2] TRACE - Resolving type for handle stref90a2type
10:34:36.087 [TestNG-PoolService-2] TRACE - Resolving type for handle ctsheetdata8408type
10:34:36.094 [TestNG-PoolService-2] TRACE - Resolving type for handle ctpagemargins5455type
10:34:36.133 [TestNG-PoolService-2] TRACE - Resolving type for handle ctcols627ctype
10:34:36.144 [TestNG-PoolService-2] TRACE - Resolving type for handle strelationshipid1e94type
10:34:36.150 [TestNG-PoolService-2] TRACE - Resolving type for handle ctrowdd39type
10:34:36.164 [TestNG-PoolService-2] TRACE - Resolving type for handle ctcell842btype
10:34:36.263 [TestNG-PoolService-2] TRACE - Resolving type for handle stcellrefe4e0type
10:34:36.301 [TestNG-PoolService-2] TRACE - Resolving type for handle ctrsta472type
10:34:36.386 [TestNG-PoolService-2] TRACE - Resolving type for handle stcelltypebf95type
10:34:36.834 [TestNG-PoolService-2] DEBUG - Parsing relationship: /xl/_rels/workbook.xml.rels
10:34:36.843 [TestNG-PoolService-2] DEBUG - Parsing relationship: /_rels/.rels
10:34:36.907 [TestNG-PoolService-2] TRACE - Resolving type for handle themefd26doctype
10:34:36.971 [TestNG-PoolService-2] TRACE - Resolving type for handle ctfonts6623type
10:34:36.977 [TestNG-PoolService-2] TRACE - Resolving type for handle ctfills2c6ftype
10:34:36.982 [TestNG-PoolService-2] TRACE - Resolving type for handle ctborders0d66type
10:34:36.986 [TestNG-PoolService-2] TRACE - Resolving type for handle ctcellxfs1322type
10:34:36.995 [TestNG-PoolService-2] TRACE - Resolving type for handle ctcellstylexfsa81ftype
10:34:36.999 [TestNG-PoolService-2] TRACE - Resolving type for handle ctdxfsb26atype
10:34:37.005 [TestNG-PoolService-2] TRACE - Resolving type for handle cttablestyles872ftype
10:34:37.026 [TestNG-PoolService-2] TRACE - Resolving type for handle workbookec17doctype
10:34:37.129 [TestNG-PoolService-2] TRACE - Resolving type for handle worksheetf539doctype
10:34:37.161 [TestNG-PoolService-2] TRACE - Resolving type for handle ctcola95ftype
10:34:37.199 [TestNG-PoolService-2] DEBUG - Parsing relationship: /xl/_rels/workbook.xml.rels
10:34:37.203 [TestNG-PoolService-2] DEBUG - Parsing relationship: /_rels/.rels
10:34:37.248 [TestNG-PoolService-2] DEBUG - Parsing relationship: /xl/_rels/workbook.xml.rels
10:34:37.252 [TestNG-PoolService-2] DEBUG - Parsing relationship: /_rels/.rels
10:34:37.318 [TestNG-PoolService-2] DEBUG - Parsing relationship: /xl/_rels/workbook.xml.rels
10:34:37.319 [TestNG-PoolService-2] DEBUG - Parsing relationship: /_rels/.rels
10:34:37.365 [TestNG-PoolService-2] DEBUG - Parsing relationship: /xl/_rels/workbook.xml.rels
10:34:37.367 [TestNG-PoolService-2] DEBUG - Parsing relationship: /_rels/.rels
10:34:37.431 [TestNG-PoolService-2] DEBUG - Parsing relationship: /xl/_rels/workbook.xml.rels
10:34:37.433 [TestNG-PoolService-2] DEBUG - Parsing relationship: /_rels/.rels
10:34:37.486 [TestNG-PoolService-2] DEBUG - Parsing relationship: /xl/_rels/workbook.xml.rels
10:34:37.488 [TestNG-PoolService-2] DEBUG - Parsing relationship: /_rels/.rels
10:34:37.534 [TestNG-PoolService-2] DEBUG - Parsing relationship: /xl/_rels/workbook.xml.rels
10:34:37.536 [TestNG-PoolService-2] DEBUG - Parsing relationship: /_rels/.rels
10:34:37.565 [TestNG-PoolService-2] INFO  - Filling gift card form
10:34:41.177 [TestNG-PoolService-1] INFO  - Launching Cab Page
10:34:48.367 [TestNG-PoolService-1] INFO  - Selected cities
10:34:49.164 [TestNG-PoolService-2] TRACE - Resolving type for handle ctnumfmtsb58btype
10:34:49.220 [TestNG-PoolService-2] DEBUG - Save core properties part
10:34:49.220 [TestNG-PoolService-2] DEBUG - Save content types part
10:34:49.665 [TestNG-PoolService-2] DEBUG - Save package relationships
10:34:49.706 [TestNG-PoolService-2] DEBUG - Save part 'docProps/app.xml'
10:34:49.706 [TestNG-PoolService-2] DEBUG - Save part 'docProps/core.xml'
10:34:49.730 [TestNG-PoolService-2] DEBUG - Save part 'xl/sharedStrings.xml'
10:34:49.731 [TestNG-PoolService-2] DEBUG - Save part 'xl/styles.xml'
10:34:49.732 [TestNG-PoolService-2] DEBUG - Save part 'xl/workbook.xml'
10:34:49.736 [TestNG-PoolService-2] DEBUG - Save part 'xl/worksheets/sheet1.xml'
10:34:49.739 [TestNG-PoolService-2] DEBUG - Save content types part
10:34:49.742 [TestNG-PoolService-2] DEBUG - Save package relationships
10:34:49.745 [TestNG-PoolService-2] DEBUG - Save part 'docProps/app.xml'
10:34:49.745 [TestNG-PoolService-2] DEBUG - Save part 'docProps/core.xml'
10:34:49.747 [TestNG-PoolService-2] DEBUG - Save part 'xl/sharedStrings.xml'
10:34:49.750 [TestNG-PoolService-2] DEBUG - Save part 'xl/styles.xml'
10:34:49.751 [TestNG-PoolService-2] DEBUG - Save part 'xl/workbook.xml'
10:34:49.758 [TestNG-PoolService-2] DEBUG - Save part 'xl/worksheets/sheet1.xml'
10:34:51.208 [TestNG-PoolService-3] INFO  - Max Adult Count retrieved
10:34:51.653 [TestNG-PoolService-3] DEBUG - Parsing relationship: /xl/_rels/workbook.xml.rels
10:34:51.658 [TestNG-PoolService-3] DEBUG - Parsing relationship: /_rels/.rels
10:34:51.786 [TestNG-PoolService-3] DEBUG - Save content types part
10:34:51.788 [TestNG-PoolService-3] DEBUG - Save package relationships
10:34:51.790 [TestNG-PoolService-3] DEBUG - Save part 'docProps/app.xml'
10:34:51.793 [TestNG-PoolService-3] DEBUG - Save part 'docProps/core.xml'
10:34:51.800 [TestNG-PoolService-3] DEBUG - Save part 'xl/sharedStrings.xml'
10:34:51.809 [TestNG-PoolService-3] DEBUG - Save part 'xl/styles.xml'
10:34:51.812 [TestNG-PoolService-3] DEBUG - Save part 'xl/workbook.xml'
10:34:51.817 [TestNG-PoolService-3] DEBUG - Save part 'xl/worksheets/sheet1.xml'
10:34:56.479 [TestNG-PoolService-2] INFO  - Browser closed
10:34:56.487 [TestNG-PoolService-2] INFO  - Scenario PASSED: Fill gift card form with invalid email and validate error
10:34:56.487 [TestNG-PoolService-2] INFO  - Browser closed
10:34:58.542 [TestNG-PoolService-1] INFO  - SUV filter clicked
10:34:59.663 [TestNG-PoolService-1] DEBUG - Parsing relationship: /xl/_rels/workbook.xml.rels
10:34:59.663 [TestNG-PoolService-1] DEBUG - Parsing relationship: /_rels/.rels
10:34:59.723 [TestNG-PoolService-1] DEBUG - Save content types part
10:34:59.723 [TestNG-PoolService-1] DEBUG - Save package relationships
10:34:59.723 [TestNG-PoolService-1] DEBUG - Save part 'docProps/app.xml'
10:34:59.723 [TestNG-PoolService-1] DEBUG - Save part 'docProps/core.xml'
10:34:59.732 [TestNG-PoolService-1] DEBUG - Save part 'xl/sharedStrings.xml'
10:34:59.732 [TestNG-PoolService-1] DEBUG - Save part 'xl/styles.xml'
10:34:59.732 [TestNG-PoolService-1] DEBUG - Save part 'xl/workbook.xml'
10:34:59.732 [TestNG-PoolService-1] DEBUG - Save part 'xl/worksheets/sheet1.xml'
10:35:00.348 [TestNG-PoolService-3] INFO  - Browser closed
10:35:00.349 [TestNG-PoolService-3] INFO  - Scenario PASSED: Maximum adult can accommodate in a room
10:35:00.350 [TestNG-PoolService-3] INFO  - Browser closed
10:35:04.646 [TestNG-PoolService-1] INFO  - Browser closed
10:35:04.648 [TestNG-PoolService-1] INFO  - Scenario PASSED: Book one way outstation cab
10:35:04.648 [TestNG-PoolService-1] INFO  - Browser closed
